// Jest Snapshot v1, https://goo.gl/fbAQLP

exports[`BikeStationsGalleryService should return the list of bike stations 1`] = `
Array [
  Object {
    "cp": "07010",
    "fullAddress": "Plaça de París, 1, 07010 Palma, Illes Balears",
    "id": "27",
    "img": null,
    "lat": 39.584186,
    "lng": 2.649158,
    "name": "PL. PARIS",
    "region": "Illes Balears",
    "street": "Plaça de París",
    "streetNumber": 1,
    "town": "Palma",
  },
]
`;
