// Jest Snapshot v1, https://goo.gl/fbAQLP

exports[`filterBikeStations: should return only one bike station 1`] = `
Array [
  Object {
    "cp": "07005",
    "fullAddress": "Argelaga, 26, 07005 Palma, Illes Balears",
    "id": "77",
    "img": null,
    "lat": 39.584114,
    "lng": 2.6661,
    "name": "SON COSTA - SON FORTEZA",
    "region": "Illes Balears",
    "street": "Argelaga",
    "streetNumber": 26,
    "town": "Palma",
  },
]
`;
